USE "/";

# delete a cell which does not exist (the delete timestamp is older than
# all other cells
DELETE Field1 FROM LoadTest WHERE ROW = "0000001" TIMESTAMP "2012-08-16 09:22:50.455921030";

SELECT * FROM LoadTest LIMIT 2;
0000001	Field2	J/L0+DurZzdKAj0AZmS1
0000002	Field3	1kZK0+nKFoaFkCjJdHJy
SELECT * FROM LoadTest LIMIT 2 RETURN_DELETES;
0000001	Field1		DELETE CELL
0000001	Field2	J/L0+DurZzdKAj0AZmS1
0000002	Field3	1kZK0+nKFoaFkCjJdHJy

SELECT * FROM LoadTest LIMIT 5;
0000001	Field2	J/L0+DurZzdKAj0AZmS1
0000002	Field3	1kZK0+nKFoaFkCjJdHJy
0000003	Field1	8qefLNyLmnHkItRyTTg7
0000004	Field1	VCGzL+uRx5O7ap2/Hl0h
0000005	Field1	qUCWcbYquc3O/KXUJ0m3
SELECT * FROM LoadTest LIMIT 5 RETURN_DELETES;
0000001	Field1		DELETE CELL
0000001	Field2	J/L0+DurZzdKAj0AZmS1
0000002	Field3	1kZK0+nKFoaFkCjJdHJy
0000003	Field1	8qefLNyLmnHkItRyTTg7
0000004	Field1	VCGzL+uRx5O7ap2/Hl0h
0000005	Field1	qUCWcbYquc3O/KXUJ0m3

SELECT * FROM LoadTest LIMIT 10;
0000001	Field2	J/L0+DurZzdKAj0AZmS1
0000002	Field3	1kZK0+nKFoaFkCjJdHJy
0000003	Field1	8qefLNyLmnHkItRyTTg7
0000004	Field1	VCGzL+uRx5O7ap2/Hl0h
0000005	Field1	qUCWcbYquc3O/KXUJ0m3
0000006	Field3	paKjwIVOpZWI3dNOkoH4
0000007	Field3	gjYC44YbjZkrqbU6efuP
0000008	Field3	3BdLJY7L6VuE7bRH6HnV
0000009	Field1	M9mMCbymZR3D1jlP4ZoK
0000010	Field3	afMjnQ3wmovxEomiPKlA
SELECT * FROM LoadTest LIMIT 10 RETURN_DELETES;
0000001	Field1		DELETE CELL
0000001	Field2	J/L0+DurZzdKAj0AZmS1
0000002	Field3	1kZK0+nKFoaFkCjJdHJy
0000003	Field1	8qefLNyLmnHkItRyTTg7
0000004	Field1	VCGzL+uRx5O7ap2/Hl0h
0000005	Field1	qUCWcbYquc3O/KXUJ0m3
0000006	Field3	paKjwIVOpZWI3dNOkoH4
0000007	Field3	gjYC44YbjZkrqbU6efuP
0000008	Field3	3BdLJY7L6VuE7bRH6HnV
0000009	Field1	M9mMCbymZR3D1jlP4ZoK
0000010	Field3	afMjnQ3wmovxEomiPKlA

SELECT * FROM LoadTest OFFSET 1 LIMIT 5;
0000002	Field3	1kZK0+nKFoaFkCjJdHJy
0000003	Field1	8qefLNyLmnHkItRyTTg7
0000004	Field1	VCGzL+uRx5O7ap2/Hl0h
0000005	Field1	qUCWcbYquc3O/KXUJ0m3
0000006	Field3	paKjwIVOpZWI3dNOkoH4
SELECT * FROM LoadTest OFFSET 1 LIMIT 5 RETURN_DELETES;
0000002	Field3	1kZK0+nKFoaFkCjJdHJy
0000003	Field1	8qefLNyLmnHkItRyTTg7
0000004	Field1	VCGzL+uRx5O7ap2/Hl0h
0000005	Field1	qUCWcbYquc3O/KXUJ0m3
0000006	Field3	paKjwIVOpZWI3dNOkoH4
