MKDIRS /dumptest;
OPEN /dumptest FLAGS=READ|WRITE|CREATE ;
MKDIRS /dumptest/dir0;
OPEN /dumptest/dir0 FLAGS=READ|WRITE|CREATE ;
ATTRSET /dumptest/dir0 dirattr="hello";
OPEN /dumptest/dir0/foo FLAGS=READ|WRITE|CREATE ;
ATTRSET /dumptest/dir0/foo schema="<Schema generation=\"002\">
  <AccessGroup name=\"not default any more\">
    <ColumnFamily id=\"1\">
      <Generation>1</Generation>
      <Name>NotLogDir</Name>
      <Counter>false</Counter>
      <deleted>false</deleted>
    </ColumnFamily>
  </AccessGroup>
</Schema>
"
;
MKDIRS /dumptest/dir1;
OPEN /dumptest/dir1 FLAGS=READ|WRITE|CREATE ;
OPEN /dumptest/dir1/bar FLAGS=READ|WRITE|CREATE ;
ATTRSET /dumptest/dir1/bar nid="2";
OPEN /dumptest/dir1/foo FLAGS=READ|WRITE|CREATE ;
ATTRSET /dumptest/dir1/foo schema="<Schema generation=\"1\">
  <AccessGroup name=\"default\">
  </AccessGroup>
</Schema>
"
;
