column	value
status	lL
callsign	ABC123
origin	ABC
destination	XYZ
origin_time	11
destination_time	117
longitude	-87.75
latitude	41.79
type	ABC/Q
speed	9999
heading	9999
status	lL
callsign	DEF123
origin	ABC
destination	XYZ
origin_time	8
destination_time	122
longitude	-121.59
latitude	38.7
type	ABC/G
speed	9999
heading	9999
