monitor-prod-4.proxy-a-1.haproxy-api.api.api-504.v2-checkins-add.http_200	metric:2012-05-14 00	dummy
monitor-prod-4.proxy-a-1.haproxy-api.api.api-504.v2-checkins-add.http_200	metric:2012-05-14 00	dummy
monitor-prod-4.proxy-a-1.haproxy-api.api.api-504.v2-checkins-add.http_200	metric:2012-05-14 00	dummy
