Mutation done
Mutation done
Mutation done
Mutation done
Mutation done
Mutation done
Mutation done
Mutation done
Mutation done
Mutation done
Mutation done
Mutation done
Issuing scans for 'apple'
Async calls completed
Got result = {name:apple, location:Western Asia, color:red, energy_density:2.18kJ/g}
Issuing scans for 'banana'
Async calls completed
Got result = {name:banana, location:Papua New Guinea, color:yellow, energy_density:0.89Cal/g}
Issuing scans for 'pomegranate'
Async calls completed
Got result = {name:pomegranate, location:Iranian plateau, color:red, energy_density:0.83Cal/g}
Issuing scans for 'kiwi'
Async calls completed
Got result = {name:kiwi, location:Southern China, color:brown, energy_density:0.61Cal/g}
Issuing scans for 'guava'
Received 0 cells for scan 
Received 0 cells for scan 
Received 0 cells for scan 
Async calls completed
Got result = {name:, location:, color:, energy_density:}
