[create-table-INITIAL:throw:0] RangeServerConnection {rs1}
[create-table-INITIAL:throw:0] RangeServerConnection {rs2}
[create-table-INITIAL:throw:0] OperationCreateTable {ASSIGN_ID}
[create-table-INITIAL:throw:0]   exclusivity: /tablefoo

[Utility-create-table-in-hyperspace-1:throw:0] RangeServerConnection {rs1}
[Utility-create-table-in-hyperspace-1:throw:0] RangeServerConnection {rs2}
[Utility-create-table-in-hyperspace-1:throw:0] OperationCreateTable {ASSIGN_ID}
[Utility-create-table-in-hyperspace-1:throw:0]   exclusivity: /tablefoo

[Utility-create-table-in-hyperspace-2:throw:0] RangeServerConnection {rs1}
[Utility-create-table-in-hyperspace-2:throw:0] RangeServerConnection {rs2}
[Utility-create-table-in-hyperspace-2:throw:0] OperationCreateTable {ASSIGN_ID}
[Utility-create-table-in-hyperspace-2:throw:0]   exclusivity: /tablefoo

[create-table-ASSIGN_ID:throw:0] RangeServerConnection {rs1}
[create-table-ASSIGN_ID:throw:0] RangeServerConnection {rs2}
[create-table-ASSIGN_ID:throw:0] OperationCreateTable {ASSIGN_ID}
[create-table-ASSIGN_ID:throw:0]   exclusivity: /tablefoo

[create-table-WRITE_METADATA-a:throw:0] RangeServerConnection {rs1}
[create-table-WRITE_METADATA-a:throw:0] RangeServerConnection {rs2}
[create-table-WRITE_METADATA-a:throw:0] OperationCreateTable {WRITE_METADATA}
[create-table-WRITE_METADATA-a:throw:0]   exclusivity: /tablefoo

[create-table-WRITE_METADATA-b:throw:0] RangeServerConnection {rs1}
[create-table-WRITE_METADATA-b:throw:0] RangeServerConnection {rs2}
[create-table-WRITE_METADATA-b:throw:0] OperationCreateTable {ASSIGN_LOCATION}
[create-table-WRITE_METADATA-b:throw:0]   dependency: METADATA
[create-table-WRITE_METADATA-b:throw:0]   dependency: SERVERS
[create-table-WRITE_METADATA-b:throw:0]   dependency: SYSTEM
[create-table-WRITE_METADATA-b:throw:0]   obstruction: OperationMove 3[..ÿÿ]
[create-table-WRITE_METADATA-b:throw:0]   exclusivity: /tablefoo

[create-table-ASSIGN_LOCATION:throw:0] RangeServerConnection {rs1}
[create-table-ASSIGN_LOCATION:throw:0] RangeServerConnection {rs2}
[create-table-ASSIGN_LOCATION:throw:0] OperationCreateTable {LOAD_RANGE}
[create-table-ASSIGN_LOCATION:throw:0]   dependency: METADATA
[create-table-ASSIGN_LOCATION:throw:0]   dependency: SYSTEM
[create-table-ASSIGN_LOCATION:throw:0]   obstruction: OperationMove 3[..ÿÿ]
[create-table-ASSIGN_LOCATION:throw:0]   exclusivity: /tablefoo

[create-table-LOAD_RANGE-a:throw:0] RangeServerConnection {rs1}
[create-table-LOAD_RANGE-a:throw:0] RangeServerConnection {rs2}
[create-table-LOAD_RANGE-a:throw:0] OperationCreateTable {LOAD_RANGE}
[create-table-LOAD_RANGE-a:throw:0]   dependency: METADATA
[create-table-LOAD_RANGE-a:throw:0]   dependency: SYSTEM
[create-table-LOAD_RANGE-a:throw:0]   obstruction: OperationMove 3[..ÿÿ]
[create-table-LOAD_RANGE-a:throw:0]   exclusivity: /tablefoo

[create-table-LOAD_RANGE-b:throw:0] RangeServerConnection {rs1}
[create-table-LOAD_RANGE-b:throw:0] RangeServerConnection {rs2}
[create-table-LOAD_RANGE-b:throw:0] OperationCreateTable {ACKNOWLEDGE}
[create-table-LOAD_RANGE-b:throw:0]   dependency: METADATA
[create-table-LOAD_RANGE-b:throw:0]   dependency: SYSTEM
[create-table-LOAD_RANGE-b:throw:0]   obstruction: OperationMove 3[..ÿÿ]
[create-table-LOAD_RANGE-b:throw:0]   exclusivity: /tablefoo

[create-table-ACKNOWLEDGE:throw:0] RangeServerConnection {rs1}
[create-table-ACKNOWLEDGE:throw:0] RangeServerConnection {rs2}
[create-table-ACKNOWLEDGE:throw:0] OperationCreateTable {ACKNOWLEDGE}
[create-table-ACKNOWLEDGE:throw:0]   dependency: METADATA
[create-table-ACKNOWLEDGE:throw:0]   dependency: SYSTEM
[create-table-ACKNOWLEDGE:throw:0]   obstruction: OperationMove 3[..ÿÿ]
[create-table-ACKNOWLEDGE:throw:0]   exclusivity: /tablefoo

[] RangeServerConnection {rs1}
[] RangeServerConnection {rs2}
[] OperationCreateTable {COMPLETE}

