[drop-table-INITIAL:throw:0] RangeServerConnection {rs1}
[drop-table-INITIAL:throw:0] RangeServerConnection {rs2}
[drop-table-INITIAL:throw:0] OperationDropTable {DROP_VALUE_INDEX}

[drop-table-DROP_VALUE_INDEX-1:throw:0] RangeServerConnection {rs1}
[drop-table-DROP_VALUE_INDEX-1:throw:0] RangeServerConnection {rs2}
[drop-table-DROP_VALUE_INDEX-1:throw:0] OperationDropTable {DROP_VALUE_INDEX}

[drop-table-DROP_VALUE_INDEX-2:throw:0] RangeServerConnection {rs1}
[drop-table-DROP_VALUE_INDEX-2:throw:0] RangeServerConnection {rs2}
[drop-table-DROP_VALUE_INDEX-2:throw:0] OperationDropTable {DROP_QUALIFIER_INDEX}
[drop-table-DROP_VALUE_INDEX-2:throw:0]   dependency: OperationDropTable subop OperationDropTable 16
[drop-table-DROP_VALUE_INDEX-2:throw:0] OperationDropTable {INITIAL}
[drop-table-DROP_VALUE_INDEX-2:throw:0]   obstruction: OperationDropTable subop OperationDropTable 16

[drop-table-DROP_QUALIFIER_INDEX-1:throw:0] RangeServerConnection {rs1}
[drop-table-DROP_QUALIFIER_INDEX-1:throw:0] RangeServerConnection {rs2}
[drop-table-DROP_QUALIFIER_INDEX-1:throw:0] OperationDropTable {DROP_QUALIFIER_INDEX}

[drop-table-DROP_QUALIFIER_INDEX-2:throw:0] RangeServerConnection {rs1}
[drop-table-DROP_QUALIFIER_INDEX-2:throw:0] RangeServerConnection {rs2}
[drop-table-DROP_QUALIFIER_INDEX-2:throw:0] OperationDropTable {SCAN_METADATA}
[drop-table-DROP_QUALIFIER_INDEX-2:throw:0]   dependency: <tid> move range
[drop-table-DROP_QUALIFIER_INDEX-2:throw:0]   dependency: METADATA
[drop-table-DROP_QUALIFIER_INDEX-2:throw:0]   dependency: OperationDropTable subop OperationDropTable 20
[drop-table-DROP_QUALIFIER_INDEX-2:throw:0] OperationDropTable {INITIAL}
[drop-table-DROP_QUALIFIER_INDEX-2:throw:0]   obstruction: OperationDropTable subop OperationDropTable 20

[drop-table-SCAN_METADATA:throw:0] RangeServerConnection {rs1}
[drop-table-SCAN_METADATA:throw:0] RangeServerConnection {rs2}
[drop-table-SCAN_METADATA:throw:0] OperationDropTable {SCAN_METADATA}
[drop-table-SCAN_METADATA:throw:0]   dependency: <tid> move range
[drop-table-SCAN_METADATA:throw:0]   dependency: METADATA
[drop-table-SCAN_METADATA:throw:0]   dependency: OperationDropTable subop OperationDropTable 20
[drop-table-SCAN_METADATA:throw:0] OperationDropTable {ISSUE_REQUESTS}
[drop-table-SCAN_METADATA:throw:0]   dependency: <tid> move range
[drop-table-SCAN_METADATA:throw:0]   dependency: METADATA
[drop-table-SCAN_METADATA:throw:0]   dependency: rs1
[drop-table-SCAN_METADATA:throw:0]   dependency: rs2
[drop-table-SCAN_METADATA:throw:0]   obstruction: OperationDropTable subop OperationDropTable 20

[drop-table-ISSUE_REQUESTS:throw:0] RangeServerConnection {rs1}
[drop-table-ISSUE_REQUESTS:throw:0] RangeServerConnection {rs2}
[drop-table-ISSUE_REQUESTS:throw:0] OperationDropTable {SCAN_METADATA}
[drop-table-ISSUE_REQUESTS:throw:0]   dependency: <tid> move range
[drop-table-ISSUE_REQUESTS:throw:0]   dependency: METADATA
[drop-table-ISSUE_REQUESTS:throw:0]   dependency: OperationDropTable subop OperationDropTable 20
[drop-table-ISSUE_REQUESTS:throw:0] OperationDropTable {ISSUE_REQUESTS}
[drop-table-ISSUE_REQUESTS:throw:0]   dependency: <tid> move range
[drop-table-ISSUE_REQUESTS:throw:0]   dependency: METADATA
[drop-table-ISSUE_REQUESTS:throw:0]   dependency: rs1
[drop-table-ISSUE_REQUESTS:throw:0]   dependency: rs2
[drop-table-ISSUE_REQUESTS:throw:0]   obstruction: OperationDropTable subop OperationDropTable 20

[] RangeServerConnection {rs1}
[] RangeServerConnection {rs2}
[] OperationDropTable {COMPLETE}

